2026-07-02T13:00:00 INFO rotate_keys
2026-07-02T18:00:00 WARN PASSWORD_LEAK
2026-07-02T09:00:00 INFO config_load
2026-07-02T22:00:00 INFO login_fail
2026-07-02T18:00:00 INFO idle
2026-07-02T15:00:00 INFO rotate_keys
2026-07-02T09:00:00 ERROR login_fail
2026-07-02T03:00:00 WARN UNAUTH_ADMIN
2026-07-02T05:00:00 INFO config_load
2026-07-02T15:00:00 INFO login_ok
2026-07-02T21:00:00 INFO idle
2026-07-02T18:00:00 INFO PASSWORD_LEAK
2026-07-02T22:00:00 INFO db_backup
2026-07-02T15:00:00 ERROR rotate_keys
2026-07-02T02:00:00 INFO API_KEY_LEAK
2026-07-02T15:00:00 INFO login_ok
2026-07-02T23:00:00 INFO db_backup
2026-07-02T21:00:00 WARN API_KEY_LEAK
2026-07-02T22:00:00 INFO PASSWORD_LEAK
2026-07-02T00:00:00 WARN PASSWORD_LEAK
2026-07-02 ERROR PASSWORD_LEAK user=admin src=10.x
2026-07-02 WARN  UNAUTH_ADMIN by=unknown
