2026-07-01T10:00:00 INFO UNAUTH_ADMIN
2026-07-01T20:00:00 INFO login_fail
2026-07-01T17:00:00 INFO PASSWORD_LEAK
2026-07-01T18:00:00 INFO idle
2026-07-01T06:00:00 INFO login_fail
2026-07-01T13:00:00 INFO login_fail
2026-07-01T07:00:00 INFO idle
2026-07-01T13:00:00 INFO db_backup
2026-07-01T03:00:00 INFO db_backup
2026-07-01T01:00:00 ERROR db_backup
2026-07-01T12:00:00 INFO config_save
2026-07-01T01:00:00 WARN config_load
2026-07-01T09:00:00 INFO config_load
2026-07-01T17:00:00 INFO db_backup
2026-07-01T09:00:00 WARN config_load
2026-07-01T03:00:00 ERROR db_backup
2026-07-01T20:00:00 INFO PASSWORD_LEAK
2026-07-01T03:00:00 WARN login_fail
2026-07-01T18:00:00 INFO db_backup
2026-07-01T06:00:00 WARN idle
