2026-07-03T05:00:00 ERROR login_fail
2026-07-03T15:00:00 INFO config_save
2026-07-03T09:00:00 INFO config_save
2026-07-03T12:00:00 INFO rotate_keys
2026-07-03T02:00:00 INFO rotate_keys
2026-07-03T12:00:00 WARN API_KEY_LEAK
2026-07-03T04:00:00 INFO idle
2026-07-03T08:00:00 INFO PASSWORD_LEAK
2026-07-03T21:00:00 INFO config_save
2026-07-03T04:00:00 INFO config_load
2026-07-03T04:00:00 INFO config_save
2026-07-03T00:00:00 WARN db_backup
2026-07-03T05:00:00 INFO API_KEY_LEAK
2026-07-03T00:00:00 INFO UNAUTH_ADMIN
2026-07-03T17:00:00 INFO db_backup
2026-07-03T18:00:00 INFO config_load
2026-07-03T22:00:00 WARN db_backup
2026-07-03T20:00:00 INFO rotate_keys
2026-07-03T21:00:00 WARN UNAUTH_ADMIN
2026-07-03T12:00:00 INFO UNAUTH_ADMIN
