2026-07-07T04:00:00 INFO config_load
2026-07-07T15:00:00 ERROR login_fail
2026-07-07T17:00:00 INFO PASSWORD_LEAK
2026-07-07T21:00:00 WARN idle
2026-07-07T17:00:00 WARN login_fail
2026-07-07T17:00:00 INFO config_save
2026-07-07T06:00:00 INFO login_ok
2026-07-07T03:00:00 WARN rotate_keys
2026-07-07T17:00:00 INFO login_fail
2026-07-07T14:00:00 INFO db_backup
2026-07-07T16:00:00 ERROR idle
2026-07-07T06:00:00 INFO rotate_keys
2026-07-07T16:00:00 WARN rotate_keys
2026-07-07T16:00:00 INFO idle
2026-07-07T08:00:00 WARN config_save
2026-07-07T14:00:00 INFO UNAUTH_ADMIN
2026-07-07T03:00:00 INFO rotate_keys
2026-07-07T10:00:00 INFO config_save
2026-07-07T13:00:00 INFO config_save
2026-07-07T21:00:00 INFO login_fail
