2026-07-04T03:00:00 WARN UNAUTH_ADMIN
2026-07-04T01:00:00 INFO login_fail
2026-07-04T06:00:00 WARN config_load
2026-07-04T03:00:00 INFO db_backup
2026-07-04T01:00:00 INFO login_ok
2026-07-04T18:00:00 INFO idle
2026-07-04T03:00:00 INFO db_backup
2026-07-04T00:00:00 INFO config_save
2026-07-04T19:00:00 INFO config_load
2026-07-04T20:00:00 INFO PASSWORD_LEAK
2026-07-04T19:00:00 INFO rotate_keys
2026-07-04T03:00:00 INFO rotate_keys
2026-07-04T14:00:00 WARN rotate_keys
2026-07-04T09:00:00 INFO config_load
2026-07-04T03:00:00 INFO API_KEY_LEAK
2026-07-04T15:00:00 INFO idle
2026-07-04T00:00:00 INFO idle
2026-07-04T11:00:00 INFO idle
2026-07-04T00:00:00 WARN API_KEY_LEAK
2026-07-04T20:00:00 INFO API_KEY_LEAK
