2026-07-05T16:00:00 INFO config_load
2026-07-05T11:00:00 INFO idle
2026-07-05T17:00:00 WARN PASSWORD_LEAK
2026-07-05T20:00:00 INFO db_backup
2026-07-05T06:00:00 INFO UNAUTH_ADMIN
2026-07-05T23:00:00 INFO config_save
2026-07-05T16:00:00 WARN PASSWORD_LEAK
2026-07-05T23:00:00 INFO login_ok
2026-07-05T08:00:00 WARN API_KEY_LEAK
2026-07-05T06:00:00 ERROR PASSWORD_LEAK
2026-07-05T14:00:00 INFO PASSWORD_LEAK
2026-07-05T02:00:00 INFO login_fail
2026-07-05T07:00:00 WARN config_save
2026-07-05T10:00:00 INFO rotate_keys
2026-07-05T19:00:00 ERROR login_ok
2026-07-05T15:00:00 INFO login_fail
2026-07-05T21:00:00 INFO UNAUTH_ADMIN
2026-07-05T22:00:00 INFO rotate_keys
2026-07-05T05:00:00 INFO PASSWORD_LEAK
2026-07-05T02:00:00 INFO rotate_keys
2026-07-05 ERROR PASSWORD_LEAK user=admin src=10.x
2026-07-05 WARN  UNAUTH_ADMIN by=unknown
