2026-07-10T09:00:00 INFO config_save
2026-07-10T10:00:00 INFO config_load
2026-07-10T12:00:00 INFO login_ok
2026-07-10T04:00:00 INFO login_fail
2026-07-10T20:00:00 INFO UNAUTH_ADMIN
2026-07-10T05:00:00 INFO login_fail
2026-07-10T21:00:00 INFO idle
2026-07-10T21:00:00 INFO db_backup
2026-07-10T07:00:00 INFO login_ok
2026-07-10T14:00:00 INFO config_load
2026-07-10T08:00:00 WARN login_ok
2026-07-10T08:00:00 INFO PASSWORD_LEAK
2026-07-10T17:00:00 INFO config_save
2026-07-10T01:00:00 INFO config_save
2026-07-10T11:00:00 INFO login_ok
2026-07-10T10:00:00 INFO login_fail
2026-07-10T15:00:00 INFO idle
2026-07-10T20:00:00 INFO config_save
2026-07-10T16:00:00 INFO login_fail
2026-07-10T08:00:00 INFO config_load
