2026-07-09T13:00:00 INFO API_KEY_LEAK
2026-07-09T00:00:00 INFO API_KEY_LEAK
2026-07-09T02:00:00 ERROR config_save
2026-07-09T02:00:00 INFO login_fail
2026-07-09T14:00:00 INFO PASSWORD_LEAK
2026-07-09T17:00:00 INFO API_KEY_LEAK
2026-07-09T19:00:00 INFO login_ok
2026-07-09T16:00:00 INFO login_fail
2026-07-09T05:00:00 INFO login_ok
2026-07-09T05:00:00 INFO API_KEY_LEAK
2026-07-09T20:00:00 INFO idle
2026-07-09T06:00:00 INFO rotate_keys
2026-07-09T16:00:00 INFO API_KEY_LEAK
2026-07-09T11:00:00 INFO API_KEY_LEAK
2026-07-09T01:00:00 INFO login_ok
2026-07-09T23:00:00 WARN idle
2026-07-09T06:00:00 WARN rotate_keys
2026-07-09T07:00:00 WARN login_fail
2026-07-09T21:00:00 INFO rotate_keys
2026-07-09T17:00:00 INFO idle
