2026-07-06T12:00:00 INFO config_load
2026-07-06T05:00:00 INFO login_ok
2026-07-06T04:00:00 ERROR rotate_keys
2026-07-06T20:00:00 INFO db_backup
2026-07-06T19:00:00 WARN PASSWORD_LEAK
2026-07-06T04:00:00 WARN idle
2026-07-06T04:00:00 INFO login_ok
2026-07-06T23:00:00 INFO idle
2026-07-06T23:00:00 INFO UNAUTH_ADMIN
2026-07-06T06:00:00 INFO login_ok
2026-07-06T08:00:00 INFO API_KEY_LEAK
2026-07-06T16:00:00 INFO db_backup
2026-07-06T10:00:00 INFO idle
2026-07-06T13:00:00 INFO login_ok
2026-07-06T23:00:00 INFO rotate_keys
2026-07-06T21:00:00 ERROR idle
2026-07-06T13:00:00 WARN config_load
2026-07-06T17:00:00 INFO idle
2026-07-06T16:00:00 INFO rotate_keys
2026-07-06T05:00:00 ERROR login_ok
