2026-07-08T04:00:00 INFO config_load
2026-07-08T08:00:00 INFO rotate_keys
2026-07-08T07:00:00 INFO UNAUTH_ADMIN
2026-07-08T15:00:00 INFO config_save
2026-07-08T05:00:00 INFO idle
2026-07-08T12:00:00 INFO UNAUTH_ADMIN
2026-07-08T06:00:00 INFO PASSWORD_LEAK
2026-07-08T02:00:00 INFO login_ok
2026-07-08T10:00:00 WARN rotate_keys
2026-07-08T14:00:00 INFO UNAUTH_ADMIN
2026-07-08T10:00:00 WARN db_backup
2026-07-08T09:00:00 WARN login_fail
2026-07-08T03:00:00 INFO login_fail
2026-07-08T02:00:00 INFO API_KEY_LEAK
2026-07-08T01:00:00 INFO API_KEY_LEAK
2026-07-08T04:00:00 INFO API_KEY_LEAK
2026-07-08T12:00:00 INFO idle
2026-07-08T16:00:00 ERROR rotate_keys
2026-07-08T22:00:00 INFO login_fail
2026-07-08T08:00:00 INFO config_load
2026-07-08 ERROR PASSWORD_LEAK user=admin src=10.x
2026-07-08 WARN  UNAUTH_ADMIN by=unknown
